Found 7 test(s).
System check identified no issues (0 silenced).
